Archive member included to satisfy reference by file (symbol)

C:/ST/STM32CubeCLT_1.16.0/GNU-tools-for-STM32/bin/../lib/gcc/arm-none-eabi/12.3.1/../../../../arm-none-eabi/lib/thumb/v7e-m+fp/hard\libc_nano.a(libc_a-exit.o)
                              C:/ST/STM32CubeCLT_1.16.0/GNU-tools-for-STM32/bin/../lib/gcc/arm-none-eabi/12.3.1/../../../../arm-none-eabi/lib/thumb/v7e-m+fp/hard/crt0.o (exit)
C:/ST/STM32CubeCLT_1.16.0/GNU-tools-for-STM32/bin/../lib/gcc/arm-none-eabi/12.3.1/../../../../arm-none-eabi/lib/thumb/v7e-m+fp/hard\libc_nano.a(libc_a-findfp.o)
                              C:/ST/STM32CubeCLT_1.16.0/GNU-tools-for-STM32/bin/../lib/gcc/arm-none-eabi/12.3.1/../../../../arm-none-eabi/lib/thumb/v7e-m+fp/hard\libc_nano.a(libc_a-exit.o) (__stdio_exit_handler)
C:/ST/STM32CubeCLT_1.16.0/GNU-tools-for-STM32/bin/../lib/gcc/arm-none-eabi/12.3.1/../../../../arm-none-eabi/lib/thumb/v7e-m+fp/hard\libc_nano.a(libc_a-fwalk.o)
                              C:/ST/STM32CubeCLT_1.16.0/GNU-tools-for-STM32/bin/../lib/gcc/arm-none-eabi/12.3.1/../../../../arm-none-eabi/lib/thumb/v7e-m+fp/hard\libc_nano.a(libc_a-findfp.o) (_fwalk_sglue)
C:/ST/STM32CubeCLT_1.16.0/GNU-tools-for-STM32/bin/../lib/gcc/arm-none-eabi/12.3.1/../../../../arm-none-eabi/lib/thumb/v7e-m+fp/hard\libc_nano.a(libc_a-stdio.o)
                              C:/ST/STM32CubeCLT_1.16.0/GNU-tools-for-STM32/bin/../lib/gcc/arm-none-eabi/12.3.1/../../../../arm-none-eabi/lib/thumb/v7e-m+fp/hard\libc_nano.a(libc_a-findfp.o) (__sread)
C:/ST/STM32CubeCLT_1.16.0/GNU-tools-for-STM32/bin/../lib/gcc/arm-none-eabi/12.3.1/../../../../arm-none-eabi/lib/thumb/v7e-m+fp/hard\libc_nano.a(libc_a-memset.o)
                              C:/ST/STM32CubeCLT_1.16.0/GNU-tools-for-STM32/bin/../lib/gcc/arm-none-eabi/12.3.1/../../../../arm-none-eabi/lib/thumb/v7e-m+fp/hard/crt0.o (memset)
C:/ST/STM32CubeCLT_1.16.0/GNU-tools-for-STM32/bin/../lib/gcc/arm-none-eabi/12.3.1/../../../../arm-none-eabi/lib/thumb/v7e-m+fp/hard\libc_nano.a(libc_a-closer.o)
                              C:/ST/STM32CubeCLT_1.16.0/GNU-tools-for-STM32/bin/../lib/gcc/arm-none-eabi/12.3.1/../../../../arm-none-eabi/lib/thumb/v7e-m+fp/hard\libc_nano.a(libc_a-stdio.o) (_close_r)
C:/ST/STM32CubeCLT_1.16.0/GNU-tools-for-STM32/bin/../lib/gcc/arm-none-eabi/12.3.1/../../../../arm-none-eabi/lib/thumb/v7e-m+fp/hard\libc_nano.a(libc_a-reent.o)
                              C:/ST/STM32CubeCLT_1.16.0/GNU-tools-for-STM32/bin/../lib/gcc/arm-none-eabi/12.3.1/../../../../arm-none-eabi/lib/thumb/v7e-m+fp/hard\libc_nano.a(libc_a-closer.o) (errno)
C:/ST/STM32CubeCLT_1.16.0/GNU-tools-for-STM32/bin/../lib/gcc/arm-none-eabi/12.3.1/../../../../arm-none-eabi/lib/thumb/v7e-m+fp/hard\libc_nano.a(libc_a-impure.o)
                              C:/ST/STM32CubeCLT_1.16.0/GNU-tools-for-STM32/bin/../lib/gcc/arm-none-eabi/12.3.1/../../../../arm-none-eabi/lib/thumb/v7e-m+fp/hard\libc_nano.a(libc_a-reent.o) (_impure_ptr)
C:/ST/STM32CubeCLT_1.16.0/GNU-tools-for-STM32/bin/../lib/gcc/arm-none-eabi/12.3.1/../../../../arm-none-eabi/lib/thumb/v7e-m+fp/hard\libc_nano.a(libc_a-lseekr.o)
                              C:/ST/STM32CubeCLT_1.16.0/GNU-tools-for-STM32/bin/../lib/gcc/arm-none-eabi/12.3.1/../../../../arm-none-eabi/lib/thumb/v7e-m+fp/hard\libc_nano.a(libc_a-stdio.o) (_lseek_r)
C:/ST/STM32CubeCLT_1.16.0/GNU-tools-for-STM32/bin/../lib/gcc/arm-none-eabi/12.3.1/../../../../arm-none-eabi/lib/thumb/v7e-m+fp/hard\libc_nano.a(libc_a-readr.o)
                              C:/ST/STM32CubeCLT_1.16.0/GNU-tools-for-STM32/bin/../lib/gcc/arm-none-eabi/12.3.1/../../../../arm-none-eabi/lib/thumb/v7e-m+fp/hard\libc_nano.a(libc_a-stdio.o) (_read_r)
C:/ST/STM32CubeCLT_1.16.0/GNU-tools-for-STM32/bin/../lib/gcc/arm-none-eabi/12.3.1/../../../../arm-none-eabi/lib/thumb/v7e-m+fp/hard\libc_nano.a(libc_a-writer.o)
                              C:/ST/STM32CubeCLT_1.16.0/GNU-tools-for-STM32/bin/../lib/gcc/arm-none-eabi/12.3.1/../../../../arm-none-eabi/lib/thumb/v7e-m+fp/hard\libc_nano.a(libc_a-stdio.o) (_write_r)
C:/ST/STM32CubeCLT_1.16.0/GNU-tools-for-STM32/bin/../lib/gcc/arm-none-eabi/12.3.1/../../../../arm-none-eabi/lib/thumb/v7e-m+fp/hard\libc_nano.a(libc_a-init.o)
                              C:/ST/STM32CubeCLT_1.16.0/GNU-tools-for-STM32/bin/../lib/gcc/arm-none-eabi/12.3.1/../../../../arm-none-eabi/lib/thumb/v7e-m+fp/hard/crt0.o (__libc_init_array)
C:/ST/STM32CubeCLT_1.16.0/GNU-tools-for-STM32/bin/../lib/gcc/arm-none-eabi/12.3.1/../../../../arm-none-eabi/lib/thumb/v7e-m+fp/hard\libc_nano.a(libc_a-lock.o)
                              C:/ST/STM32CubeCLT_1.16.0/GNU-tools-for-STM32/bin/../lib/gcc/arm-none-eabi/12.3.1/../../../../arm-none-eabi/lib/thumb/v7e-m+fp/hard\libc_nano.a(libc_a-findfp.o) (__retarget_lock_init_recursive)
C:/ST/STM32CubeCLT_1.16.0/GNU-tools-for-STM32/bin/../lib/gcc/arm-none-eabi/12.3.1/../../../../arm-none-eabi/lib/thumb/v7e-m+fp/hard\libc_nano.a(libc_a-freer.o)
[...]
Memory Configuration

Name             Origin             Length             Attributes
RAM              0x20000000         0x00020000         xrw
FLASH            0x08000000         0x00080000         xr
*default*        0x00000000         0xffffffff

Linker script and memory map

LOAD C:/ST/STM32CubeCLT_1.16.0/GNU-tools-for-STM32/bin/../lib/gcc/arm-none-eabi/12.3.1/thumb/v7e-m+fp/hard/crti.o
LOAD C:/ST/STM32CubeCLT_1.16.0/GNU-tools-for-STM32/bin/../lib/gcc/arm-none-eabi/12.3.1/thumb/v7e-m+fp/hard/crtbegin.o
LOAD C:/ST/STM32CubeCLT_1.16.0/GNU-tools-for-STM32/bin/../lib/gcc/arm-none-eabi/12.3.1/../../../../arm-none-eabi/lib/thumb/v7e-m+fp/hard/crt0.o
START GROUP
LOAD C:/ST/STM32CubeCLT_1.16.0/GNU-tools-for-STM32/bin/../lib/gcc/arm-none-eabi/12.3.1/../../../../arm-none-eabi/lib/thumb/v7e-m+fp/hard\libc_nano.a
LOAD C:/ST/STM32CubeCLT_1.16.0/GNU-tools-for-STM32/bin/../lib/gcc/arm-none-eabi/12.3.1/../../../../arm-none-eabi/lib/thumb/v7e-m+fp/hard\libm.a
END GROUP
LOAD CMakeFiles/TIM2ADC1.dir/Core/Src/main.c.obj
LOAD CMakeFiles/TIM2ADC1.dir/Core/Src/stm32f4xx_it.c.obj
LOAD CMakeFiles/TIM2ADC1.dir/Core/Src/stm32f4xx_hal_msp.c.obj
LOAD CMakeFiles/TIM2ADC1.dir/Drivers/STM32F4xx_HAL_Driver/Src/stm32f4xx_hal_adc.c.obj
LOAD CMakeFiles/TIM2ADC1.dir/Drivers/STM32F4xx_HAL_Driver/Src/stm32f4xx_hal_adc_ex.c.obj
LOAD CMakeFiles/TIM2ADC1.dir/Drivers/STM32F4xx_HAL_Driver/Src/stm32f4xx_ll_adc.c.obj
LOAD CMakeFiles/TIM2ADC1.dir/Drivers/STM32F4xx_HAL_Driver/Src/stm32f4xx_hal_rcc.c.obj
LOAD CMakeFiles/TIM2ADC1.dir/Drivers/STM32F4xx_HAL_Driver/Src/stm32f4xx_hal_rcc_ex.c.obj
LOAD CMakeFiles/TIM2ADC1.dir/Drivers/STM32F4xx_HAL_Driver/Src/stm32f4xx_hal_flash.c.obj
LOAD CMakeFiles/TIM2ADC1.dir/Drivers/STM32F4xx_HAL_Driver/Src/stm32f4xx_hal_flash_ex.c.obj
LOAD CMakeFiles/TIM2ADC1.dir/Drivers/STM32F4xx_HAL_Driver/Src/stm32f4xx_hal_flash_ramfunc.c.obj
LOAD CMakeFiles/TIM2ADC1.dir/Drivers/STM32F4xx_HAL_Driver/Src/stm32f4xx_hal_gpio.c.obj
LOAD CMakeFiles/TIM2ADC1.dir/Drivers/STM32F4xx_HAL_Driver/Src/stm32f4xx_hal_dma_ex.c.obj
LOAD CMakeFiles/TIM2ADC1.dir/Drivers/STM32F4xx_HAL_Driver/Src/stm32f4xx_hal_dma.c.obj
LOAD CMakeFiles/TIM2ADC1.dir/Drivers/STM32F4xx_HAL_Driver/Src/stm32f4xx_hal_pwr.c.obj
LOAD CMakeFiles/TIM2ADC1.dir/Drivers/STM32F4xx_HAL_Driver/Src/stm32f4xx_hal_pwr_ex.c.obj
LOAD CMakeFiles/TIM2ADC1.dir/Drivers/STM32F4xx_HAL_Driver/Src/stm32f4xx_hal_cortex.c.obj
LOAD CMakeFiles/TIM2ADC1.dir/Drivers/STM32F4xx_HAL_Driver/Src/stm32f4xx_hal.c.obj
LOAD CMakeFiles/TIM2ADC1.dir/Drivers/STM32F4xx_HAL_Driver/Src/stm32f4xx_hal_exti.c.obj
LOAD CMakeFiles/TIM2ADC1.dir/Drivers/STM32F4xx_HAL_Driver/Src/stm32f4xx_hal_tim.c.obj
LOAD CMakeFiles/TIM2ADC1.dir/Drivers/STM32F4xx_HAL_Driver/Src/stm32f4xx_hal_tim_ex.c.obj
LOAD CMakeFiles/TIM2ADC1.dir/Core/Src/system_stm32f4xx.c.obj
LOAD CMakeFiles/TIM2ADC1.dir/Core/Src/sysmem.c.obj
LOAD CMakeFiles/TIM2ADC1.dir/Core/Src/syscalls.c.obj
LOAD CMakeFiles/TIM2ADC1.dir/startup_stm32f411xe.s.obj
START GROUP
LOAD C:/ST/STM32CubeCLT_1.16.0/GNU-tools-for-STM32/bin/../lib/gcc/arm-none-eabi/12.3.1/thumb/v7e-m+fp/hard\libgcc.a
LOAD C:/ST/STM32CubeCLT_1.16.0/GNU-tools-for-STM32/bin/../lib/gcc/arm-none-eabi/12.3.1/../../../../arm-none-eabi/lib/thumb/v7e-m+fp/hard\libg_nano.a
LOAD C:/ST/STM32CubeCLT_1.16.0/GNU-tools-for-STM32/bin/../lib/gcc/arm-none-eabi/12.3.1/../../../../arm-none-eabi/lib/thumb/v7e-m+fp/hard\libc_nano.a
END GROUP
START GROUP
LOAD C:/ST/STM32CubeCLT_1.16.0/GNU-tools-for-STM32/bin/../lib/gcc/arm-none-eabi/12.3.1/thumb/v7e-m+fp/hard\libgcc.a
LOAD C:/ST/STM32CubeCLT_1.16.0/GNU-tools-for-STM32/bin/../lib/gcc/arm-none-eabi/12.3.1/../../../../arm-none-eabi/lib/thumb/v7e-m+fp/hard\libc_nano.a
END GROUP
LOAD C:/ST/STM32CubeCLT_1.16.0/GNU-tools-for-STM32/bin/../lib/gcc/arm-none-eabi/12.3.1/thumb/v7e-m+fp/hard/crtend.o
LOAD C:/ST/STM32CubeCLT_1.16.0/GNU-tools-for-STM32/bin/../lib/gcc/arm-none-eabi/12.3.1/thumb/v7e-m+fp/hard/crtn.o
                0x20020000                        _estack = (ORIGIN (RAM) + LENGTH (RAM))
                0x00000200                        _Min_Heap_Size = 0x200
                0x00000400                        _Min_Stack_Size = 0x400

.isr_vector     0x08000000      0x198
                0x08000000                        . = ALIGN (0x4)
 *(.isr_vector)
 .isr_vector    0x08000000      0x198 CMakeFiles/TIM2ADC1.dir/startup_stm32f411xe.s.obj
                0x08000000                g_pfnVectors
                0x08000198                        . = ALIGN (0x4)

.text           0x08000198     0x31d0
                0x08000198                        . = ALIGN (0x4)
 *(.text)
 .text          0x08000198       0x40 C:/ST/STM32CubeCLT_1.16.0/GNU-tools-for-STM32/bin/../lib/gcc/arm-none-eabi/12.3.1/thumb/v7e-m+fp/hard/crtbegin.o
 .text          0x080001d8      0x378 C:/ST/STM32CubeCLT_1.16.0/GNU-tools-for-STM32/bin/../lib/gcc/arm-none-eabi/12.3.1/thumb/v7e-m+fp/hard\libgcc.a(_arm_addsubdf3.o)
                0x080001d8                __aeabi_drsub
                0x080001e0                __aeabi_dsub
                0x080001e0                __subdf3
                0x080001e4                __aeabi_dadd
                0x080001e4                __adddf3
                0x0800045c                __floatunsidf
                0x0800045c                __aeabi_ui2d
                0x0800047c                __floatsidf
                0x0800047c                __aeabi_i2d
                0x080004a0                __aeabi_f2d
                0x080004a0                __extendsfdf2
                0x080004e4                __floatundidf
                0x080004e4                __aeabi_ul2d
                0x080004f4                __floatdidf
                0x080004f4                __aeabi_l2d
 .text          0x08000550      0x424 C:/ST/STM32CubeCLT_1.16.0/GNU-tools-for-STM32/bin/../lib/gcc/arm-none-eabi/12.3.1/thumb/v7e-m+fp/hard\libgcc.a(_arm_muldivdf3.o)
                0x08000550                __aeabi_dmul
                0x08000550                __muldf3
                0x080007a4                __divdf3
                0x080007a4                __aeabi_ddiv
 .text          0x08000974       0xa0 C:/ST/STM32CubeCLT_1.16.0/GNU-tools-for-STM32/bin/../lib/gcc/arm-none-eabi/12.3.1/thumb/v7e-m+fp/hard\libgcc.a(_arm_truncdfsf2.o)
                0x08000974                __truncdfsf2
                0x08000974                __aeabi_d2f
 .text          0x08000a14       0x30 C:/ST/STM32CubeCLT_1.16.0/GNU-tools-for-STM32/bin/../lib/gcc/arm-none-eabi/12.3.1/thumb/v7e-m+fp/hard\libgcc.a(_aeabi_uldivmod.o)
                0x08000a14                __aeabi_uldivmod
 .text          0x08000a44      0x2bc C:/ST/STM32CubeCLT_1.16.0/GNU-tools-for-STM32/bin/../lib/gcc/arm-none-eabi/12.3.1/thumb/v7e-m+fp/hard\libgcc.a(_udivmoddi4.o)
                0x08000a44                __udivmoddi4
 .text          0x08000d00        0x4 C:/ST/STM32CubeCLT_1.16.0/GNU-tools-for-STM32/bin/../lib/gcc/arm-none-eabi/12.3.1/thumb/v7e-m+fp/hard\libgcc.a(_dvmd_tls.o)
                0x08000d00                __aeabi_idiv0
                0x08000d00                __aeabi_ldiv0
 *(.text*)
 .text.memset   0x08000d04       0x10 C:/ST/STM32CubeCLT_1.16.0/GNU-tools-for-STM32/bin/../lib/gcc/arm-none-eabi/12.3.1/../../../../arm-none-eabi/lib/thumb/v7e-m+fp/hard\libc_nano.a(libc_a-memset.o)
                0x08000d04                memset
 .text.__libc_init_array
                0x08000d14       0x48 C:/ST/STM32CubeCLT_1.16.0/GNU-tools-for-STM32/bin/../lib/gcc/arm-none-eabi/12.3.1/../../../../arm-none-eabi/lib/thumb/v7e-m+fp/hard\libc_nano.a(libc_a-init.o)
                0x08000d14                __libc_init_array
 .text.main     0x08000d5c       0x28 CMakeFiles/TIM2ADC1.dir/Core/Src/main.c.obj
                0x08000d5c                main
 .text.SystemClock_Config
                0x08000d84       0xbc CMakeFiles/TIM2ADC1.dir/Core/Src/main.c.obj
                0x08000d84                SystemClock_Config
 .text.MX_ADC1_Init
                0x08000e40       0xa4 CMakeFiles/TIM2ADC1.dir/Core/Src/main.c.obj
 .text.MX_TIM2_Init
                0x08000ee4       0x9c CMakeFiles/TIM2ADC1.dir/Core/Src/main.c.obj
 .text.MX_GPIO_Init
                0x08000f80       0xd4 CMakeFiles/TIM2ADC1.dir/Core/Src/main.c.obj
 .text.Error_Handler
                0x08001054        0xc CMakeFiles/TIM2ADC1.dir/Core/Src/main.c.obj
                0x08001054                Error_Handler
 .text.NMI_Handler
                0x08001060        0x8 CMakeFiles/TIM2ADC1.dir/Core/Src/stm32f4xx_it.c.obj
                0x08001060                NMI_Handler
 .text.HardFault_Handler
                0x08001068        0x8 CMakeFiles/TIM2ADC1.dir/Core/Src/stm32f4xx_it.c.obj
                0x08001068                HardFault_Handler
 .text.MemManage_Handler
                0x08001070        0x8 CMakeFiles/TIM2ADC1.dir/Core/Src/stm32f4xx_it.c.obj
                0x08001070                MemManage_Handler
 .text.BusFault_Handler
                0x08001078        0x8 CMakeFiles/TIM2ADC1.dir/Core/Src/stm32f4xx_it.c.obj
                0x08001078                BusFault_Handler
 .text.UsageFault_Handler
                0x08001080        0x8 CMakeFiles/TIM2ADC1.dir/Core/Src/stm32f4xx_it.c.obj
                0x08001080                UsageFault_Handler
 .text.SVC_Handler
                0x08001088        0xe CMakeFiles/TIM2ADC1.dir/Core/Src/stm32f4xx_it.c.obj
                0x08001088                SVC_Handler
 .text.DebugMon_Handler
                0x08001096        0xe CMakeFiles/TIM2ADC1.dir/Core/Src/stm32f4xx_it.c.obj
                0x08001096                DebugMon_Handler
 .text.PendSV_Handler
                0x080010a4        0xe CMakeFiles/TIM2ADC1.dir/Core/Src/stm32f4xx_it.c.obj
                0x080010a4                PendSV_Handler
 .text.SysTick_Handler
                0x080010b2        0xc CMakeFiles/TIM2ADC1.dir/Core/Src/stm32f4xx_it.c.obj
                0x080010b2                SysTick_Handler
 .text.EXTI0_IRQHandler
                0x080010be        0xe CMakeFiles/TIM2ADC1.dir/Core/Src/stm32f4xx_it.c.obj
                0x080010be                EXTI0_IRQHandler
 *fill*         0x080010cc        0x4 
 .text.ADC_IRQHandler
                0x080010d0       0x70 CMakeFiles/TIM2ADC1.dir/Core/Src/stm32f4xx_it.c.obj
                0x080010d0                ADC_IRQHandler
 .text.TIM2_IRQHandler
                0x08001140       0x1c CMakeFiles/TIM2ADC1.dir/Core/Src/stm32f4xx_it.c.obj
                0x08001140                TIM2_IRQHandler
 .text.HAL_MspInit
                0x0800115c       0x50 CMakeFiles/TIM2ADC1.dir/Core/Src/stm32f4xx_hal_msp.c.obj
                0x0800115c                HAL_MspInit
 .text.HAL_ADC_MspInit
                0x080011ac       0x98 CMakeFiles/TIM2ADC1.dir/Core/Src/stm32f4xx_hal_msp.c.obj
                0x080011ac                HAL_ADC_MspInit
 .text.HAL_TIM_Base_MspInit
                0x08001244       0x4c CMakeFiles/TIM2ADC1.dir/Core/Src/stm32f4xx_hal_msp.c.obj
                0x08001244                HAL_TIM_Base_MspInit
 .text.HAL_ADC_Init
                0x08001290       0x86 CMakeFiles/TIM2ADC1.dir/Drivers/STM32F4xx_HAL_Driver/Src/stm32f4xx_hal_adc.c.obj
                0x08001290                HAL_ADC_Init
 *fill*         0x08001316        0x2 
 .text.HAL_ADC_Start_IT
                0x08001318      0x17c CMakeFiles/TIM2ADC1.dir/Drivers/STM32F4xx_HAL_Driver/Src/stm32f4xx_hal_adc.c.obj
                0x08001318                HAL_ADC_Start_IT
 .text.HAL_ADC_IRQHandler
                0x08001494      0x220 CMakeFiles/TIM2ADC1.dir/Drivers/STM32F4xx_HAL_Driver/Src/stm32f4xx_hal_adc.c.obj
                0x08001494                HAL_ADC_IRQHandler
 .text.HAL_ADC_GetValue
                0x080016b4       0x1a CMakeFiles/TIM2ADC1.dir/Drivers/STM32F4xx_HAL_Driver/Src/stm32f4xx_hal_adc.c.obj
                0x080016b4                HAL_ADC_GetValue
 .text.HAL_ADC_ConvCpltCallback
                0x080016ce       0x14 CMakeFiles/TIM2ADC1.dir/Drivers/STM32F4xx_HAL_Driver/Src/stm32f4xx_hal_adc.c.obj
                0x080016ce                HAL_ADC_ConvCpltCallback
 .text.HAL_ADC_LevelOutOfWindowCallback
                0x080016e2       0x14 CMakeFiles/TIM2ADC1.dir/Drivers/STM32F4xx_HAL_Driver/Src/stm32f4xx_hal_adc.c.obj
                0x080016e2                HAL_ADC_LevelOutOfWindowCallback
 .text.HAL_ADC_ErrorCallback
                0x080016f6       0x14 CMakeFiles/TIM2ADC1.dir/Drivers/STM32F4xx_HAL_Driver/Src/stm32f4xx_hal_adc.c.obj
                0x080016f6                HAL_ADC_ErrorCallback
 *fill*         0x0800170a        0x2 
 .text.HAL_ADC_ConfigChannel
                0x0800170c      0x264 CMakeFiles/TIM2ADC1.dir/Drivers/STM32F4xx_HAL_Driver/Src/stm32f4xx_hal_adc.c.obj
                0x0800170c                HAL_ADC_ConfigChannel
 .text.ADC_Init
                0x08001970      0x1f8 CMakeFiles/TIM2ADC1.dir/Drivers/STM32F4xx_HAL_Driver/Src/stm32f4xx_hal_adc.c.obj
 .text.HAL_ADCEx_InjectedConvCpltCallback
                0x08001b68       0x14 CMakeFiles/TIM2ADC1.dir/Drivers/STM32F4xx_HAL_Driver/Src/stm32f4xx_hal_adc_ex.c.obj
                0x08001b68                HAL_ADCEx_InjectedConvCpltCallback
 .text.HAL_RCC_OscConfig
                0x08001b7c      0x4f0 CMakeFiles/TIM2ADC1.dir/Drivers/STM32F4xx_HAL_Driver/Src/stm32f4xx_hal_rcc.c.obj
                0x08001b7c                HAL_RCC_OscConfig
 .text.HAL_RCC_ClockConfig
                0x0800206c      0x1cc CMakeFiles/TIM2ADC1.dir/Drivers/STM32F4xx_HAL_Driver/Src/stm32f4xx_hal_rcc.c.obj
                0x0800206c                HAL_RCC_ClockConfig
 .text.HAL_RCC_GetSysClockFreq
                0x08002238      0x18c CMakeFiles/TIM2ADC1.dir/Drivers/STM32F4xx_HAL_Driver/Src/stm32f4xx_hal_rcc.c.obj
                0x08002238                HAL_RCC_GetSysClockFreq
 .text.HAL_GPIO_Init
                0x080023c4      0x308 CMakeFiles/TIM2ADC1.dir/Drivers/STM32F4xx_HAL_Driver/Src/stm32f4xx_hal_gpio.c.obj
                0x080023c4                HAL_GPIO_Init
 .text.HAL_GPIO_WritePin
                0x080026cc       0x32 CMakeFiles/TIM2ADC1.dir/Drivers/STM32F4xx_HAL_Driver/Src/stm32f4xx_hal_gpio.c.obj
                0x080026cc                HAL_GPIO_WritePin
 *fill*         0x080026fe        0x2 
 .text.HAL_GPIO_EXTI_IRQHandler
                0x08002700       0x30 CMakeFiles/TIM2ADC1.dir/Drivers/STM32F4xx_HAL_Driver/Src/stm32f4xx_hal_gpio.c.obj
                0x08002700                HAL_GPIO_EXTI_IRQHandler
 .text.HAL_GPIO_EXTI_Callback
                0x08002730       0x16 CMakeFiles/TIM2ADC1.dir/Drivers/STM32F4xx_HAL_Driver/Src/stm32f4xx_hal_gpio.c.obj
                0x08002730                HAL_GPIO_EXTI_Callback
 *fill*         0x08002746        0x2 
 .text.__NVIC_SetPriorityGrouping
                0x08002748       0x48 CMakeFiles/TIM2ADC1.dir/Drivers/STM32F4xx_HAL_Driver/Src/stm32f4xx_hal_cortex.c.obj
 .text.__NVIC_GetPriorityGrouping
                0x08002790       0x1c CMakeFiles/TIM2ADC1.dir/Drivers/STM32F4xx_HAL_Driver/Src/stm32f4xx_hal_cortex.c.obj
 .text.__NVIC_EnableIRQ
                0x080027ac       0x3c CMakeFiles/TIM2ADC1.dir/Drivers/STM32F4xx_HAL_Driver/Src/stm32f4xx_hal_cortex.c.obj
 .text.__NVIC_SetPriority
                0x080027e8       0x54 CMakeFiles/TIM2ADC1.dir/Drivers/STM32F4xx_HAL_Driver/Src/stm32f4xx_hal_cortex.c.obj
 .text.NVIC_EncodePriority
                0x0800283c       0x66 CMakeFiles/TIM2ADC1.dir/Drivers/STM32F4xx_HAL_Driver/Src/stm32f4xx_hal_cortex.c.obj
 *fill*         0x080028a2        0x2 
 .text.SysTick_Config
                0x080028a4       0x44 CMakeFiles/TIM2ADC1.dir/Drivers/STM32F4xx_HAL_Driver/Src/stm32f4xx_hal_cortex.c.obj
 .text.HAL_NVIC_SetPriorityGrouping
                0x080028e8       0x16 CMakeFiles/TIM2ADC1.dir/Drivers/STM32F4xx_HAL_Driver/Src/stm32f4xx_hal_cortex.c.obj
                0x080028e8                HAL_NVIC_SetPriorityGrouping
 .text.HAL_NVIC_SetPriority
                0x080028fe       0x38 CMakeFiles/TIM2ADC1.dir/Drivers/STM32F4xx_HAL_Driver/Src/stm32f4xx_hal_cortex.c.obj
                0x080028fe                HAL_NVIC_SetPriority
 .text.HAL_NVIC_EnableIRQ
                0x08002936       0x1c CMakeFiles/TIM2ADC1.dir/Drivers/STM32F4xx_HAL_Driver/Src/stm32f4xx_hal_cortex.c.obj
                0x08002936                HAL_NVIC_EnableIRQ
 .text.HAL_SYSTICK_Config
                0x08002952       0x18 CMakeFiles/TIM2ADC1.dir/Drivers/STM32F4xx_HAL_Driver/Src/stm32f4xx_hal_cortex.c.obj
                0x08002952                HAL_SYSTICK_Config
 *fill*         0x0800296a        0x2 
 .text.HAL_Init
                0x0800296c       0x44 CMakeFiles/TIM2ADC1.dir/Drivers/STM32F4xx_HAL_Driver/Src/stm32f4xx_hal.c.obj
                0x0800296c                HAL_Init
 .text.HAL_InitTick
                0x080029b0       0x60 CMakeFiles/TIM2ADC1.dir/Drivers/STM32F4xx_HAL_Driver/Src/stm32f4xx_hal.c.obj
                0x080029b0                HAL_InitTick
 .text.HAL_IncTick
                0x08002a10       0x28 CMakeFiles/TIM2ADC1.dir/Drivers/STM32F4xx_HAL_Driver/Src/stm32f4xx_hal.c.obj
                0x08002a10                HAL_IncTick
 .text.HAL_GetTick
                0x08002a38       0x18 CMakeFiles/TIM2ADC1.dir/Drivers/STM32F4xx_HAL_Driver/Src/stm32f4xx_hal.c.obj
                0x08002a38                HAL_GetTick
 .text.HAL_TIM_Base_Init
                0x08002a50       0x9e CMakeFiles/TIM2ADC1.dir/Drivers/STM32F4xx_HAL_Driver/Src/stm32f4xx_hal_tim.c.obj
                0x08002a50                HAL_TIM_Base_Init
 *fill*         0x08002aee        0x2 
 .text.HAL_TIM_Base_Start_IT
                0x08002af0       0xc4 CMakeFiles/TIM2ADC1.dir/Drivers/STM32F4xx_HAL_Driver/Src/stm32f4xx_hal_tim.c.obj
                0x08002af0                HAL_TIM_Base_Start_IT
 .text.HAL_TIM_IRQHandler
                0x08002bb4      0x1e0 CMakeFiles/TIM2ADC1.dir/Drivers/STM32F4xx_HAL_Driver/Src/stm32f4xx_hal_tim.c.obj
                0x08002bb4                HAL_TIM_IRQHandler
 .text.HAL_TIM_ConfigClockSource
                0x08002d94      0x18e CMakeFiles/TIM2ADC1.dir/Drivers/STM32F4xx_HAL_Driver/Src/stm32f4xx_hal_tim.c.obj
                0x08002d94                HAL_TIM_ConfigClockSource
 .text.HAL_TIM_PeriodElapsedCallback
                0x08002f22       0x14 CMakeFiles/TIM2ADC1.dir/Drivers/STM32F4xx_HAL_Driver/Src/stm32f4xx_hal_tim.c.obj
                0x08002f22                HAL_TIM_PeriodElapsedCallback
 .text.HAL_TIM_OC_DelayElapsedCallback
                0x08002f36       0x14 CMakeFiles/TIM2ADC1.dir/Drivers/STM32F4xx_HAL_Driver/Src/stm32f4xx_hal_tim.c.obj
                0x08002f36                HAL_TIM_OC_DelayElapsedCallback
 .text.HAL_TIM_IC_CaptureCallback
                0x08002f4a       0x14 CMakeFiles/TIM2ADC1.dir/Drivers/STM32F4xx_HAL_Driver/Src/stm32f4xx_hal_tim.c.obj
                0x08002f4a                HAL_TIM_IC_CaptureCallback
 .text.HAL_TIM_PWM_PulseFinishedCallback
                0x08002f5e       0x14 CMakeFiles/TIM2ADC1.dir/Drivers/STM32F4xx_HAL_Driver/Src/stm32f4xx_hal_tim.c.obj
                0x08002f5e                HAL_TIM_PWM_PulseFinishedCallback
 .text.HAL_TIM_TriggerCallback
                0x08002f72       0x14 CMakeFiles/TIM2ADC1.dir/Drivers/STM32F4xx_HAL_Driver/Src/stm32f4xx_hal_tim.c.obj
                0x08002f72                HAL_TIM_TriggerCallback
 *fill*         0x08002f86        0x2 
 .text.TIM_Base_SetConfig
                0x08002f88      0x118 CMakeFiles/TIM2ADC1.dir/Drivers/STM32F4xx_HAL_Driver/Src/stm32f4xx_hal_tim.c.obj
                0x08002f88                TIM_Base_SetConfig
 .text.TIM_TI1_ConfigInputStage
                0x080030a0       0x5e CMakeFiles/TIM2ADC1.dir/Drivers/STM32F4xx_HAL_Driver/Src/stm32f4xx_hal_tim.c.obj
 .text.TIM_TI2_ConfigInputStage
                0x080030fe       0x60 CMakeFiles/TIM2ADC1.dir/Drivers/STM32F4xx_HAL_Driver/Src/stm32f4xx_hal_tim.c.obj
 .text.TIM_ITRx_SetConfig
                0x0800315e       0x36 CMakeFiles/TIM2ADC1.dir/Drivers/STM32F4xx_HAL_Driver/Src/stm32f4xx_hal_tim.c.obj
 .text.TIM_ETR_SetConfig
                0x08003194       0x40 CMakeFiles/TIM2ADC1.dir/Drivers/STM32F4xx_HAL_Driver/Src/stm32f4xx_hal_tim.c.obj
                0x08003194                TIM_ETR_SetConfig
 .text.HAL_TIMEx_MasterConfigSynchronization
                0x080031d4       0xdc CMakeFiles/TIM2ADC1.dir/Drivers/STM32F4xx_HAL_Driver/Src/stm32f4xx_hal_tim_ex.c.obj
                0x080031d4                HAL_TIMEx_MasterConfigSynchronization
 .text.HAL_TIMEx_CommutCallback
                0x080032b0       0x14 CMakeFiles/TIM2ADC1.dir/Drivers/STM32F4xx_HAL_Driver/Src/stm32f4xx_hal_tim_ex.c.obj
                0x080032b0                HAL_TIMEx_CommutCallback
 .text.HAL_TIMEx_BreakCallback
                0x080032c4       0x14 CMakeFiles/TIM2ADC1.dir/Drivers/STM32F4xx_HAL_Driver/Src/stm32f4xx_hal_tim_ex.c.obj
                0x080032c4                HAL_TIMEx_BreakCallback
 .text.SystemInit
                0x080032d8       0x24 CMakeFiles/TIM2ADC1.dir/Core/Src/system_stm32f4xx.c.obj
                0x080032d8                SystemInit
 .text.Reset_Handler
                0x080032fc       0x50 CMakeFiles/TIM2ADC1.dir/startup_stm32f411xe.s.obj
                0x080032fc                Reset_Handler
 .text.Default_Handler
                0x0800334c        0x2 CMakeFiles/TIM2ADC1.dir/startup_stm32f411xe.s.obj
                0x0800334c                RTC_Alarm_IRQHandler
                0x0800334c                EXTI2_IRQHandler
                0x0800334c                SPI4_IRQHandler
                0x0800334c                TIM1_CC_IRQHandler
                0x0800334c                DMA2_Stream5_IRQHandler
                0x0800334c                DMA1_Stream5_IRQHandler
                0x0800334c                PVD_IRQHandler
                0x0800334c                SDIO_IRQHandler
                0x0800334c                TAMP_STAMP_IRQHandler
                0x0800334c                EXTI3_IRQHandler
                0x0800334c                TIM1_UP_TIM10_IRQHandler
                0x0800334c                I2C3_ER_IRQHandler
                0x0800334c                I2C2_EV_IRQHandler
                0x0800334c                DMA1_Stream2_IRQHandler
                0x0800334c                FPU_IRQHandler
                0x0800334c                DMA2_Stream2_IRQHandler
                0x0800334c                SPI1_IRQHandler
                0x0800334c                TIM1_BRK_TIM9_IRQHandler
                0x0800334c                DMA2_Stream3_IRQHandler
                0x0800334c                USART6_IRQHandler
                0x0800334c                DMA2_Stream0_IRQHandler
                0x0800334c                TIM4_IRQHandler
                0x0800334c                I2C1_EV_IRQHandler
                0x0800334c                DMA1_Stream6_IRQHandler
                0x0800334c                DMA1_Stream1_IRQHandler
                0x0800334c                TIM3_IRQHandler
                0x0800334c                RCC_IRQHandler
                0x0800334c                Default_Handler
                0x0800334c                EXTI15_10_IRQHandler
                0x0800334c                DMA1_Stream7_IRQHandler
                0x0800334c                SPI5_IRQHandler
                0x0800334c                TIM5_IRQHandler
                0x0800334c                DMA2_Stream7_IRQHandler
                0x0800334c                I2C3_EV_IRQHandler
                0x0800334c                EXTI9_5_IRQHandler
                0x0800334c                RTC_WKUP_IRQHandler
                0x0800334c                SPI2_IRQHandler
                0x0800334c                DMA1_Stream0_IRQHandler
                0x0800334c                EXTI4_IRQHandler
                0x0800334c                WWDG_IRQHandler
                0x0800334c                OTG_FS_WKUP_IRQHandler
                0x0800334c                TIM1_TRG_COM_TIM11_IRQHandler
                0x0800334c                EXTI1_IRQHandler
                0x0800334c                USART2_IRQHandler
                0x0800334c                I2C2_ER_IRQHandler
                0x0800334c                DMA2_Stream1_IRQHandler
                0x0800334c                FLASH_IRQHandler
                0x0800334c                DMA2_Stream4_IRQHandler
                0x0800334c                USART1_IRQHandler
                0x0800334c                OTG_FS_IRQHandler
                0x0800334c                SPI3_IRQHandler
                0x0800334c                DMA1_Stream4_IRQHandler
                0x0800334c                I2C1_ER_IRQHandler
                0x0800334c                DMA2_Stream6_IRQHandler
                0x0800334c                DMA1_Stream3_IRQHandler
 *(.glue_7)
 .glue_7        0x0800334e        0x0 linker stubs
 *(.glue_7t)
 .glue_7t       0x0800334e        0x0 linker stubs
 *(.eh_frame)
 *fill*         0x0800334e        0x2 
 .eh_frame      0x08003350        0x0 C:/ST/STM32CubeCLT_1.16.0/GNU-tools-for-STM32/bin/../lib/gcc/arm-none-eabi/12.3.1/thumb/v7e-m+fp/hard/crtbegin.o
 *(.init)
 .init          0x08003350        0x4 C:/ST/STM32CubeCLT_1.16.0/GNU-tools-for-STM32/bin/../lib/gcc/arm-none-eabi/12.3.1/thumb/v7e-m+fp/hard/crti.o
                0x08003350                _init
 .init          0x08003354        0x8 C:/ST/STM32CubeCLT_1.16.0/GNU-tools-for-STM32/bin/../lib/gcc/arm-none-eabi/12.3.1/thumb/v7e-m+fp/hard/crtn.o
 *(.fini)
 .fini          0x0800335c        0x4 C:/ST/STM32CubeCLT_1.16.0/GNU-tools-for-STM32/bin/../lib/gcc/arm-none-eabi/12.3.1/thumb/v7e-m+fp/hard/crti.o
                0x0800335c                _fini
 .fini          0x08003360        0x8 C:/ST/STM32CubeCLT_1.16.0/GNU-tools-for-STM32/bin/../lib/gcc/arm-none-eabi/12.3.1/thumb/v7e-m+fp/hard/crtn.o
                0x08003368                        . = ALIGN (0x4)
                0x08003368                        _etext = .

.vfp11_veneer   0x08003368        0x0
 .vfp11_veneer  0x08003368        0x0 linker stubs

.v4_bx          0x08003368        0x0
 .v4_bx         0x08003368        0x0 linker stubs

.iplt           0x08003368        0x0
 .iplt          0x08003368        0x0 C:/ST/STM32CubeCLT_1.16.0/GNU-tools-for-STM32/bin/../lib/gcc/arm-none-eabi/12.3.1/thumb/v7e-m+fp/hard/crtbegin.o

.rodata         0x08003368       0x10
                0x08003368                        . = ALIGN (0x4)
 *(.rodata)
 *(.rodata*)
 .rodata.AHBPrescTable
                0x08003368       0x10 CMakeFiles/TIM2ADC1.dir/Core/Src/system_stm32f4xx.c.obj
                0x08003368                AHBPrescTable
                0x08003378                        . = ALIGN (0x4)

.ARM.extab
 *(.ARM.extab* .gnu.linkonce.armextab.*)

.ARM            0x08003378        0x8
                0x08003378                        __exidx_start = .
 *(.ARM.exidx*)
 .ARM.exidx     0x08003378        0x8 C:/ST/STM32CubeCLT_1.16.0/GNU-tools-for-STM32/bin/../lib/gcc/arm-none-eabi/12.3.1/thumb/v7e-m+fp/hard\libgcc.a(_udivmoddi4.o)
                0x08003380                        __exidx_end = .

.rel.dyn        0x08003380        0x0
 .rel.iplt      0x08003380        0x0 C:/ST/STM32CubeCLT_1.16.0/GNU-tools-for-STM32/bin/../lib/gcc/arm-none-eabi/12.3.1/thumb/v7e-m+fp/hard/crtbegin.o

.preinit_array  0x08003380        0x0
                0x08003380                        PROVIDE (__preinit_array_start = .)
 *(.preinit_array*)
                0x08003380                        PROVIDE (__preinit_array_end = .)

.init_array     0x08003380        0x4
                0x08003380                        PROVIDE (__init_array_start = .)
 *(SORT_BY_NAME(.init_array.*))
 *(.init_array*)
 .init_array    0x08003380        0x4 C:/ST/STM32CubeCLT_1.16.0/GNU-tools-for-STM32/bin/../lib/gcc/arm-none-eabi/12.3.1/thumb/v7e-m+fp/hard/crtbegin.o
                0x08003384                        PROVIDE (__init_array_end = .)

.fini_array     0x08003384        0x4
                [!provide]                        PROVIDE (__fini_array_start = .)
 *(SORT_BY_NAME(.fini_array.*))
 *(.fini_array*)
 .fini_array    0x08003384        0x4 C:/ST/STM32CubeCLT_1.16.0/GNU-tools-for-STM32/bin/../lib/gcc/arm-none-eabi/12.3.1/thumb/v7e-m+fp/hard/crtbegin.o
                [!provide]                        PROVIDE (__fini_array_end = .)
                0x08003388                        _sidata = LOADADDR (.data)

.data           0x20000000        0xc load address 0x08003388
                0x20000000                        . = ALIGN (0x4)
                0x20000000                        _sdata = .
 *(.data)
 *(.data*)
 .data.uwTickPrio
                0x20000000        0x4 CMakeFiles/TIM2ADC1.dir/Drivers/STM32F4xx_HAL_Driver/Src/stm32f4xx_hal.c.obj
                0x20000000                uwTickPrio
 .data.uwTickFreq
                0x20000004        0x1 CMakeFiles/TIM2ADC1.dir/Drivers/STM32F4xx_HAL_Driver/Src/stm32f4xx_hal.c.obj
                0x20000004                uwTickFreq
 *fill*         0x20000005        0x3 
 .data.SystemCoreClock
                0x20000008        0x4 CMakeFiles/TIM2ADC1.dir/Core/Src/system_stm32f4xx.c.obj
                0x20000008                SystemCoreClock
                0x2000000c                        . = ALIGN (0x4)
                0x2000000c                        _edata = .

.igot.plt       0x2000000c        0x0 load address 0x08003394
 .igot.plt      0x2000000c        0x0 C:/ST/STM32CubeCLT_1.16.0/GNU-tools-for-STM32/bin/../lib/gcc/arm-none-eabi/12.3.1/thumb/v7e-m+fp/hard/crtbegin.o
                0x2000000c                        . = ALIGN (0x4)

.bss            0x2000000c       0xb4 load address 0x08003394
                0x2000000c                        _sbss = .
                0x2000000c                        __bss_start__ = _sbss
 *(.bss)
 .bss           0x2000000c       0x1c C:/ST/STM32CubeCLT_1.16.0/GNU-tools-for-STM32/bin/../lib/gcc/arm-none-eabi/12.3.1/thumb/v7e-m+fp/hard/crtbegin.o
 *(.bss*)
 .bss.hadc1     0x20000028       0x48 CMakeFiles/TIM2ADC1.dir/Core/Src/main.c.obj
                0x20000028                hadc1
 .bss.htim2     0x20000070       0x48 CMakeFiles/TIM2ADC1.dir/Core/Src/main.c.obj
                0x20000070                htim2
 .bss.voltage   0x200000b8        0x4 CMakeFiles/TIM2ADC1.dir/Core/Src/main.c.obj
                0x200000b8                voltage
 .bss.uwTick    0x200000bc        0x4 CMakeFiles/TIM2ADC1.dir/Drivers/STM32F4xx_HAL_Driver/Src/stm32f4xx_hal.c.obj
                0x200000bc                uwTick
 *(COMMON)
                0x200000c0                        . = ALIGN (0x4)
                0x200000c0                        _ebss = .
                0x200000c0                        __bss_end__ = _ebss

._user_heap_stack
                0x200000c0      0x600 load address 0x08003394
                0x200000c0                        . = ALIGN (0x8)
                [!provide]                        PROVIDE (end = .)
                0x200000c0                        PROVIDE (_end = .)
                0x200002c0                        . = (. + _Min_Heap_Size)
 *fill*         0x200000c0      0x200 
                0x200006c0                        . = (. + _Min_Stack_Size)
 *fill*         0x200002c0      0x400 
                0x200006c0                        . = ALIGN (0x8)

/DISCARD/
 libc.a(*)
 libm.a(*)
 libgcc.a(*)

.ARM.attributes
                0x00000000       0x30
 *(.ARM.attributes)
 .ARM.attributes
                0x00000000       0x22 C:/ST/STM32CubeCLT_1.16.0/GNU-tools-for-STM32/bin/../lib/gcc/arm-none-eabi/12.3.1/thumb/v7e-m+fp/hard/crti.o
 .ARM.attributes
                0x00000022       0x34 C:/ST/STM32CubeCLT_1.16.0/GNU-tools-for-STM32/bin/../lib/gcc/arm-none-eabi/12.3.1/thumb/v7e-m+fp/hard/crtbegin.o
 .ARM.attributes
                0x00000056       0x34 C:/ST/STM32CubeCLT_1.16.0/GNU-tools-for-STM32/bin/../lib/gcc/arm-none-eabi/12.3.1/../../../../arm-none-eabi/lib/thumb/v7e-m+fp/hard\libc_nano.a(libc_a-memset.o)
 .ARM.attributes
                0x0000008a       0x34 C:/ST/STM32CubeCLT_1.16.0/GNU-tools-for-STM32/bin/../lib/gcc/arm-none-eabi/12.3.1/../../../../arm-none-eabi/lib/thumb/v7e-m+fp/hard\libc_nano.a(libc_a-init.o)
 .ARM.attributes
                0x000000be       0x34 CMakeFiles/TIM2ADC1.dir/Core/Src/main.c.obj
 .ARM.attributes
                0x000000f2       0x34 CMakeFiles/TIM2ADC1.dir/Core/Src/stm32f4xx_it.c.obj
 .ARM.attributes
                0x00000126       0x34 CMakeFiles/TIM2ADC1.dir/Core/Src/stm32f4xx_hal_msp.c.obj
 .ARM.attributes
                0x0000015a       0x34 CMakeFiles/TIM2ADC1.dir/Drivers/STM32F4xx_HAL_Driver/Src/stm32f4xx_hal_adc.c.obj
 .ARM.attributes
                0x0000018e       0x34 CMakeFiles/TIM2ADC1.dir/Drivers/STM32F4xx_HAL_Driver/Src/stm32f4xx_hal_adc_ex.c.obj
 .ARM.attributes
                0x000001c2       0x34 CMakeFiles/TIM2ADC1.dir/Drivers/STM32F4xx_HAL_Driver/Src/stm32f4xx_hal_rcc.c.obj
 .ARM.attributes
                0x000001f6       0x34 CMakeFiles/TIM2ADC1.dir/Drivers/STM32F4xx_HAL_Driver/Src/stm32f4xx_hal_gpio.c.obj
 .ARM.attributes
                0x0000022a       0x34 CMakeFiles/TIM2ADC1.dir/Drivers/STM32F4xx_HAL_Driver/Src/stm32f4xx_hal_cortex.c.obj
 .ARM.attributes
                0x0000025e       0x34 CMakeFiles/TIM2ADC1.dir/Drivers/STM32F4xx_HAL_Driver/Src/stm32f4xx_hal.c.obj
 .ARM.attributes
                0x00000292       0x34 CMakeFiles/TIM2ADC1.dir/Drivers/STM32F4xx_HAL_Driver/Src/stm32f4xx_hal_tim.c.obj
 .ARM.attributes
                0x000002c6       0x34 CMakeFiles/TIM2ADC1.dir/Drivers/STM32F4xx_HAL_Driver/Src/stm32f4xx_hal_tim_ex.c.obj
 .ARM.attributes
                0x000002fa       0x34 CMakeFiles/TIM2ADC1.dir/Core/Src/system_stm32f4xx.c.obj
 .ARM.attributes
                0x0000032e       0x21 CMakeFiles/TIM2ADC1.dir/startup_stm32f411xe.s.obj
 .ARM.attributes
                0x0000034f       0x22 C:/ST/STM32CubeCLT_1.16.0/GNU-tools-for-STM32/bin/../lib/gcc/arm-none-eabi/12.3.1/thumb/v7e-m+fp/hard\libgcc.a(_arm_addsubdf3.o)
 .ARM.attributes
                0x00000371       0x22 C:/ST/STM32CubeCLT_1.16.0/GNU-tools-for-STM32/bin/../lib/gcc/arm-none-eabi/12.3.1/thumb/v7e-m+fp/hard\libgcc.a(_arm_muldivdf3.o)
 .ARM.attributes
                0x00000393       0x22 C:/ST/STM32CubeCLT_1.16.0/GNU-tools-for-STM32/bin/../lib/gcc/arm-none-eabi/12.3.1/thumb/v7e-m+fp/hard\libgcc.a(_arm_truncdfsf2.o)
 .ARM.attributes
                0x000003b5       0x22 C:/ST/STM32CubeCLT_1.16.0/GNU-tools-for-STM32/bin/../lib/gcc/arm-none-eabi/12.3.1/thumb/v7e-m+fp/hard\libgcc.a(_aeabi_uldivmod.o)
 .ARM.attributes
                0x000003d7       0x34 C:/ST/STM32CubeCLT_1.16.0/GNU-tools-for-STM32/bin/../lib/gcc/arm-none-eabi/12.3.1/thumb/v7e-m+fp/hard\libgcc.a(_udivmoddi4.o)
 .ARM.attributes
                0x0000040b       0x22 C:/ST/STM32CubeCLT_1.16.0/GNU-tools-for-STM32/bin/../lib/gcc/arm-none-eabi/12.3.1/thumb/v7e-m+fp/hard\libgcc.a(_dvmd_tls.o)
 .ARM.attributes
                0x0000042d       0x22 C:/ST/STM32CubeCLT_1.16.0/GNU-tools-for-STM32/bin/../lib/gcc/arm-none-eabi/12.3.1/thumb/v7e-m+fp/hard/crtn.o
OUTPUT(TIM2ADC1.elf elf32-littlearm)
LOAD linker stubs
LOAD C:/ST/STM32CubeCLT_1.16.0/GNU-tools-for-STM32/bin/../lib/gcc/arm-none-eabi/12.3.1/../../../../arm-none-eabi/lib/thumb/v7e-m+fp/hard\libc.a
LOAD C:/ST/STM32CubeCLT_1.16.0/GNU-tools-for-STM32/bin/../lib/gcc/arm-none-eabi/12.3.1/../../../../arm-none-eabi/lib/thumb/v7e-m+fp/hard\libm.a
LOAD C:/ST/STM32CubeCLT_1.16.0/GNU-tools-for-STM32/bin/../lib/gcc/arm-none-eabi/12.3.1/thumb/v7e-m+fp/hard\libgcc.a

.debug_frame    0x00000000     0x2f18
 .debug_frame   0x00000000       0x20 C:/ST/STM32CubeCLT_1.16.0/GNU-tools-for-STM32/bin/../lib/gcc/arm-none-eabi/12.3.1/../../../../arm-none-eabi/lib/thumb/v7e-m+fp/hard\libc_nano.a(libc_a-memset.o)
 .debug_frame   0x00000020       0x2c C:/ST/STM32CubeCLT_1.16.0/GNU-tools-for-STM32/bin/../lib/gcc/arm-none-eabi/12.3.1/../../../../arm-none-eabi/lib/thumb/v7e-m+fp/hard\libc_nano.a(libc_a-init.o)
 .debug_frame   0x0000004c       0xd4 CMakeFiles/TIM2ADC1.dir/Core/Src/main.c.obj
 .debug_frame   0x00000120      0x160 CMakeFiles/TIM2ADC1.dir/Core/Src/stm32f4xx_it.c.obj
 .debug_frame   0x00000280       0xc8 CMakeFiles/TIM2ADC1.dir/Core/Src/stm32f4xx_hal_msp.c.obj
 .debug_frame   0x00000348      0x3fc CMakeFiles/TIM2ADC1.dir/Drivers/STM32F4xx_HAL_Driver/Src/stm32f4xx_hal_adc.c.obj
 .debug_frame   0x00000744      0x250 CMakeFiles/TIM2ADC1.dir/Drivers/STM32F4xx_HAL_Driver/Src/stm32f4xx_hal_adc_ex.c.obj
 .debug_frame   0x00000994      0x1f4 CMakeFiles/TIM2ADC1.dir/Drivers/STM32F4xx_HAL_Driver/Src/stm32f4xx_hal_rcc.c.obj
 .debug_frame   0x00000b88      0x14c CMakeFiles/TIM2ADC1.dir/Drivers/STM32F4xx_HAL_Driver/Src/stm32f4xx_hal_gpio.c.obj
 .debug_frame   0x00000cd4      0x508 CMakeFiles/TIM2ADC1.dir/Drivers/STM32F4xx_HAL_Driver/Src/stm32f4xx_hal_cortex.c.obj
 .debug_frame   0x000011dc      0x374 CMakeFiles/TIM2ADC1.dir/Drivers/STM32F4xx_HAL_Driver/Src/stm32f4xx_hal.c.obj
 .debug_frame   0x00001550     0x11b8 CMakeFiles/TIM2ADC1.dir/Drivers/STM32F4xx_HAL_Driver/Src/stm32f4xx_hal_tim.c.obj
 .debug_frame   0x00002708      0x638 CMakeFiles/TIM2ADC1.dir/Drivers/STM32F4xx_HAL_Driver/Src/stm32f4xx_hal_tim_ex.c.obj
 .debug_frame   0x00002d40       0x58 CMakeFiles/TIM2ADC1.dir/Core/Src/system_stm32f4xx.c.obj
 .debug_frame   0x00002d98       0xac C:/ST/STM32CubeCLT_1.16.0/GNU-tools-for-STM32/bin/../lib/gcc/arm-none-eabi/12.3.1/thumb/v7e-m+fp/hard\libgcc.a(_arm_addsubdf3.o)
 .debug_frame   0x00002e44       0x50 C:/ST/STM32CubeCLT_1.16.0/GNU-tools-for-STM32/bin/../lib/gcc/arm-none-eabi/12.3.1/thumb/v7e-m+fp/hard\libgcc.a(_arm_muldivdf3.o)
 .debug_frame   0x00002e94       0x24 C:/ST/STM32CubeCLT_1.16.0/GNU-tools-for-STM32/bin/../lib/gcc/arm-none-eabi/12.3.1/thumb/v7e-m+fp/hard\libgcc.a(_arm_truncdfsf2.o)
 .debug_frame   0x00002eb8       0x2c C:/ST/STM32CubeCLT_1.16.0/GNU-tools-for-STM32/bin/../lib/gcc/arm-none-eabi/12.3.1/thumb/v7e-m+fp/hard\libgcc.a(_aeabi_uldivmod.o)
 .debug_frame   0x00002ee4       0x34 C:/ST/STM32CubeCLT_1.16.0/GNU-tools-for-STM32/bin/../lib/gcc/arm-none-eabi/12.3.1/thumb/v7e-m+fp/hard\libgcc.a(_udivmoddi4.o)

.debug_info     0x00000000     0xad38
 .debug_info    0x00000000     0x12b4 CMakeFiles/TIM2ADC1.dir/Core/Src/main.c.obj
 .debug_info    0x000012b4      0xa1d CMakeFiles/TIM2ADC1.dir/Core/Src/stm32f4xx_it.c.obj
 .debug_info    0x00001cd1      0xebf CMakeFiles/TIM2ADC1.dir/Core/Src/stm32f4xx_hal_msp.c.obj
 .debug_info    0x00002b90      0xcd1 CMakeFiles/TIM2ADC1.dir/Drivers/STM32F4xx_HAL_Driver/Src/stm32f4xx_hal_adc.c.obj
 .debug_info    0x00003861      0xb56 CMakeFiles/TIM2ADC1.dir/Drivers/STM32F4xx_HAL_Driver/Src/stm32f4xx_hal_adc_ex.c.obj
 .debug_info    0x000043b7      0x8f0 CMakeFiles/TIM2ADC1.dir/Drivers/STM32F4xx_HAL_Driver/Src/stm32f4xx_hal_rcc.c.obj
 .debug_info    0x00004ca7      0x6f9 CMakeFiles/TIM2ADC1.dir/Drivers/STM32F4xx_HAL_Driver/Src/stm32f4xx_hal_gpio.c.obj
 .debug_info    0x000053a0      0xcfc CMakeFiles/TIM2ADC1.dir/Drivers/STM32F4xx_HAL_Driver/Src/stm32f4xx_hal_cortex.c.obj
 .debug_info    0x0000609c      0x8c4 CMakeFiles/TIM2ADC1.dir/Drivers/STM32F4xx_HAL_Driver/Src/stm32f4xx_hal.c.obj
 .debug_info    0x00006960     0x2996 CMakeFiles/TIM2ADC1.dir/Drivers/STM32F4xx_HAL_Driver/Src/stm32f4xx_hal_tim.c.obj
 .debug_info    0x000092f6     0x14d4 CMakeFiles/TIM2ADC1.dir/Drivers/STM32F4xx_HAL_Driver/Src/stm32f4xx_hal_tim_ex.c.obj
 .debug_info    0x0000a7ca      0x53e CMakeFiles/TIM2ADC1.dir/Core/Src/system_stm32f4xx.c.obj
 .debug_info    0x0000ad08       0x30 CMakeFiles/TIM2ADC1.dir/startup_stm32f411xe.s.obj

.debug_abbrev   0x00000000     0x1ad6
 .debug_abbrev  0x00000000      0x276 CMakeFiles/TIM2ADC1.dir/Core/Src/main.c.obj
 .debug_abbrev  0x00000276      0x200 CMakeFiles/TIM2ADC1.dir/Core/Src/stm32f4xx_it.c.obj
 .debug_abbrev  0x00000476      0x1d6 CMakeFiles/TIM2ADC1.dir/Core/Src/stm32f4xx_hal_msp.c.obj
 .debug_abbrev  0x0000064c      0x20e CMakeFiles/TIM2ADC1.dir/Drivers/STM32F4xx_HAL_Driver/Src/stm32f4xx_hal_adc.c.obj
 .debug_abbrev  0x0000085a      0x22c CMakeFiles/TIM2ADC1.dir/Drivers/STM32F4xx_HAL_Driver/Src/stm32f4xx_hal_adc_ex.c.obj
 .debug_abbrev  0x00000a86      0x2b6 CMakeFiles/TIM2ADC1.dir/Drivers/STM32F4xx_HAL_Driver/Src/stm32f4xx_hal_rcc.c.obj
 .debug_abbrev  0x00000d3c      0x1d3 CMakeFiles/TIM2ADC1.dir/Drivers/STM32F4xx_HAL_Driver/Src/stm32f4xx_hal_gpio.c.obj
 .debug_abbrev  0x00000f0f      0x31d CMakeFiles/TIM2ADC1.dir/Drivers/STM32F4xx_HAL_Driver/Src/stm32f4xx_hal_cortex.c.obj
 .debug_abbrev  0x0000122c      0x24b CMakeFiles/TIM2ADC1.dir/Drivers/STM32F4xx_HAL_Driver/Src/stm32f4xx_hal.c.obj
 .debug_abbrev  0x00001477      0x28b CMakeFiles/TIM2ADC1.dir/Drivers/STM32F4xx_HAL_Driver/Src/stm32f4xx_hal_tim.c.obj
 .debug_abbrev  0x00001702      0x296 CMakeFiles/TIM2ADC1.dir/Drivers/STM32F4xx_HAL_Driver/Src/stm32f4xx_hal_tim_ex.c.obj
 .debug_abbrev  0x00001998      0x11a CMakeFiles/TIM2ADC1.dir/Core/Src/system_stm32f4xx.c.obj
 .debug_abbrev  0x00001ab2       0x24 CMakeFiles/TIM2ADC1.dir/startup_stm32f411xe.s.obj

.debug_aranges  0x00000000      0xb00
 .debug_aranges
                0x00000000       0x48 CMakeFiles/TIM2ADC1.dir/Core/Src/main.c.obj
 .debug_aranges
                0x00000048       0x78 CMakeFiles/TIM2ADC1.dir/Core/Src/stm32f4xx_it.c.obj
 .debug_aranges
                0x000000c0       0x40 CMakeFiles/TIM2ADC1.dir/Core/Src/stm32f4xx_hal_msp.c.obj
 .debug_aranges
                0x00000100       0xe8 CMakeFiles/TIM2ADC1.dir/Drivers/STM32F4xx_HAL_Driver/Src/stm32f4xx_hal_adc.c.obj
 .debug_aranges
                0x000001e8       0x90 CMakeFiles/TIM2ADC1.dir/Drivers/STM32F4xx_HAL_Driver/Src/stm32f4xx_hal_adc_ex.c.obj
 .debug_aranges
                0x00000278       0x88 CMakeFiles/TIM2ADC1.dir/Drivers/STM32F4xx_HAL_Driver/Src/stm32f4xx_hal_rcc.c.obj
 .debug_aranges
                0x00000300       0x58 CMakeFiles/TIM2ADC1.dir/Drivers/STM32F4xx_HAL_Driver/Src/stm32f4xx_hal_gpio.c.obj
 .debug_aranges
                0x00000358      0x130 CMakeFiles/TIM2ADC1.dir/Drivers/STM32F4xx_HAL_Driver/Src/stm32f4xx_hal_cortex.c.obj
 .debug_aranges
                0x00000488       0xf0 CMakeFiles/TIM2ADC1.dir/Drivers/STM32F4xx_HAL_Driver/Src/stm32f4xx_hal.c.obj
 .debug_aranges
                0x00000578      0x3d0 CMakeFiles/TIM2ADC1.dir/Drivers/STM32F4xx_HAL_Driver/Src/stm32f4xx_hal_tim.c.obj
 .debug_aranges
                0x00000948      0x168 CMakeFiles/TIM2ADC1.dir/Drivers/STM32F4xx_HAL_Driver/Src/stm32f4xx_hal_tim_ex.c.obj
 .debug_aranges
                0x00000ab0       0x28 CMakeFiles/TIM2ADC1.dir/Core/Src/system_stm32f4xx.c.obj
 .debug_aranges
                0x00000ad8       0x28 CMakeFiles/TIM2ADC1.dir/startup_stm32f411xe.s.obj

.debug_rnglists
                0x00000000      0x882
 .debug_rnglists
                0x00000000       0x35 CMakeFiles/TIM2ADC1.dir/Core/Src/main.c.obj
 .debug_rnglists
                0x00000035       0x55 CMakeFiles/TIM2ADC1.dir/Core/Src/stm32f4xx_it.c.obj
 .debug_rnglists
                0x0000008a       0x2c CMakeFiles/TIM2ADC1.dir/Core/Src/stm32f4xx_hal_msp.c.obj
 .debug_rnglists
                0x000000b6       0xb5 CMakeFiles/TIM2ADC1.dir/Drivers/STM32F4xx_HAL_Driver/Src/stm32f4xx_hal_adc.c.obj
 .debug_rnglists
                0x0000016b       0x71 CMakeFiles/TIM2ADC1.dir/Drivers/STM32F4xx_HAL_Driver/Src/stm32f4xx_hal_adc_ex.c.obj
 .debug_rnglists
                0x000001dc       0x66 CMakeFiles/TIM2ADC1.dir/Drivers/STM32F4xx_HAL_Driver/Src/stm32f4xx_hal_rcc.c.obj
 .debug_rnglists
                0x00000242       0x3f CMakeFiles/TIM2ADC1.dir/Drivers/STM32F4xx_HAL_Driver/Src/stm32f4xx_hal_gpio.c.obj
 .debug_rnglists
                0x00000281       0xe0 CMakeFiles/TIM2ADC1.dir/Drivers/STM32F4xx_HAL_Driver/Src/stm32f4xx_hal_cortex.c.obj
 .debug_rnglists
                0x00000361       0xaf CMakeFiles/TIM2ADC1.dir/Drivers/STM32F4xx_HAL_Driver/Src/stm32f4xx_hal.c.obj
 .debug_rnglists
                0x00000410      0x31a CMakeFiles/TIM2ADC1.dir/Drivers/STM32F4xx_HAL_Driver/Src/stm32f4xx_hal_tim.c.obj
 .debug_rnglists
                0x0000072a      0x125 CMakeFiles/TIM2ADC1.dir/Drivers/STM32F4xx_HAL_Driver/Src/stm32f4xx_hal_tim_ex.c.obj
 .debug_rnglists
                0x0000084f       0x1a CMakeFiles/TIM2ADC1.dir/Core/Src/system_stm32f4xx.c.obj
 .debug_rnglists
                0x00000869       0x19 CMakeFiles/TIM2ADC1.dir/startup_stm32f411xe.s.obj

.debug_macro    0x00000000    0x16659
 .debug_macro   0x00000000      0x1fb CMakeFiles/TIM2ADC1.dir/Core/Src/main.c.obj
 .debug_macro   0x000001fb      0xab4 CMakeFiles/TIM2ADC1.dir/Core/Src/main.c.obj
 .debug_macro   0x00000caf      0x29b CMakeFiles/TIM2ADC1.dir/Core/Src/main.c.obj
 .debug_macro   0x00000f4a       0x2e CMakeFiles/TIM2ADC1.dir/Core/Src/main.c.obj
 .debug_macro   0x00000f78       0x28 CMakeFiles/TIM2ADC1.dir/Core/Src/main.c.obj
 .debug_macro   0x00000fa0       0x22 CMakeFiles/TIM2ADC1.dir/Core/Src/main.c.obj
 .debug_macro   0x00000fc2       0x8e CMakeFiles/TIM2ADC1.dir/Core/Src/main.c.obj
 .debug_macro   0x00001050       0x51 CMakeFiles/TIM2ADC1.dir/Core/Src/main.c.obj
 .debug_macro   0x000010a1      0x103 CMakeFiles/TIM2ADC1.dir/Core/Src/main.c.obj
 .debug_macro   0x000011a4       0x6a CMakeFiles/TIM2ADC1.dir/Core/Src/main.c.obj
 .debug_macro   0x0000120e      0x1df CMakeFiles/TIM2ADC1.dir/Core/Src/main.c.obj
 .debug_macro   0x000013ed       0x1c CMakeFiles/TIM2ADC1.dir/Core/Src/main.c.obj
 .debug_macro   0x00001409       0x22 CMakeFiles/TIM2ADC1.dir/Core/Src/main.c.obj
 .debug_macro   0x0000142b       0xfb CMakeFiles/TIM2ADC1.dir/Core/Src/main.c.obj
 .debug_macro   0x00001526     0x1011 CMakeFiles/TIM2ADC1.dir/Core/Src/main.c.obj
 .debug_macro   0x00002537      0x11f CMakeFiles/TIM2ADC1.dir/Core/Src/main.c.obj
 .debug_macro   0x00002656     0xb953 CMakeFiles/TIM2ADC1.dir/Core/Src/main.c.obj
 .debug_macro   0x0000dfa9       0x6d CMakeFiles/TIM2ADC1.dir/Core/Src/main.c.obj
 .debug_macro   0x0000e016     0x369a CMakeFiles/TIM2ADC1.dir/Core/Src/main.c.obj
 .debug_macro   0x000116b0      0x189 CMakeFiles/TIM2ADC1.dir/Core/Src/main.c.obj
 .debug_macro   0x00011839       0x5c CMakeFiles/TIM2ADC1.dir/Core/Src/main.c.obj
 .debug_macro   0x00011895      0x45c CMakeFiles/TIM2ADC1.dir/Core/Src/main.c.obj
 .debug_macro   0x00011cf1      0x9e9 CMakeFiles/TIM2ADC1.dir/Core/Src/main.c.obj
 .debug_macro   0x000126da      0x115 CMakeFiles/TIM2ADC1.dir/Core/Src/main.c.obj
 .debug_macro   0x000127ef      0x11b CMakeFiles/TIM2ADC1.dir/Core/Src/main.c.obj
 .debug_macro   0x0001290a       0xa5 CMakeFiles/TIM2ADC1.dir/Core/Src/main.c.obj
 .debug_macro   0x000129af      0x15f CMakeFiles/TIM2ADC1.dir/Core/Src/main.c.obj
 .debug_macro   0x00012b0e      0x287 CMakeFiles/TIM2ADC1.dir/Core/Src/main.c.obj
 .debug_macro   0x00012d95       0x5f CMakeFiles/TIM2ADC1.dir/Core/Src/main.c.obj
 .debug_macro   0x00012df4      0x236 CMakeFiles/TIM2ADC1.dir/Core/Src/main.c.obj
 .debug_macro   0x0001302a      0x9e1 CMakeFiles/TIM2ADC1.dir/Core/Src/main.c.obj
 .debug_macro   0x00013a0b      0x38b CMakeFiles/TIM2ADC1.dir/Core/Src/main.c.obj
 .debug_macro   0x00013d96      0x17d CMakeFiles/TIM2ADC1.dir/Core/Src/main.c.obj
 .debug_macro   0x00013f13       0xf9 CMakeFiles/TIM2ADC1.dir/Core/Src/main.c.obj
 .debug_macro   0x0001400c      0x132 CMakeFiles/TIM2ADC1.dir/Core/Src/main.c.obj
 .debug_macro   0x0001413e      0x264 CMakeFiles/TIM2ADC1.dir/Core/Src/main.c.obj
 .debug_macro   0x000143a2       0x2e CMakeFiles/TIM2ADC1.dir/Core/Src/main.c.obj
 .debug_macro   0x000143d0      0x127 CMakeFiles/TIM2ADC1.dir/Core/Src/main.c.obj
 .debug_macro   0x000144f7       0x85 CMakeFiles/TIM2ADC1.dir/Core/Src/main.c.obj
 .debug_macro   0x0001457c       0x89 CMakeFiles/TIM2ADC1.dir/Core/Src/main.c.obj
 .debug_macro   0x00014605      0x8ed CMakeFiles/TIM2ADC1.dir/Core/Src/main.c.obj
 .debug_macro   0x00014ef2       0x47 CMakeFiles/TIM2ADC1.dir/Core/Src/main.c.obj
 .debug_macro   0x00014f39      0x126 CMakeFiles/TIM2ADC1.dir/Core/Src/main.c.obj
 .debug_macro   0x0001505f       0x22 CMakeFiles/TIM2ADC1.dir/Core/Src/main.c.obj
 .debug_macro   0x00015081      0x205 CMakeFiles/TIM2ADC1.dir/Core/Src/stm32f4xx_it.c.obj
 .debug_macro   0x00015286      0x1fb CMakeFiles/TIM2ADC1.dir/Core/Src/stm32f4xx_hal_msp.c.obj
 .debug_macro   0x00015481      0x1ed CMakeFiles/TIM2ADC1.dir/Drivers/STM32F4xx_HAL_Driver/Src/stm32f4xx_hal_adc.c.obj
 .debug_macro   0x0001566e      0x1ec CMakeFiles/TIM2ADC1.dir/Drivers/STM32F4xx_HAL_Driver/Src/stm32f4xx_hal_adc_ex.c.obj
 .debug_macro   0x0001585a      0x210 CMakeFiles/TIM2ADC1.dir/Drivers/STM32F4xx_HAL_Driver/Src/stm32f4xx_hal_rcc.c.obj
 .debug_macro   0x00015a6a      0x1f2 CMakeFiles/TIM2ADC1.dir/Drivers/STM32F4xx_HAL_Driver/Src/stm32f4xx_hal_gpio.c.obj
 .debug_macro   0x00015c5c      0x1ec CMakeFiles/TIM2ADC1.dir/Drivers/STM32F4xx_HAL_Driver/Src/stm32f4xx_hal_cortex.c.obj
 .debug_macro   0x00015e48      0x24c CMakeFiles/TIM2ADC1.dir/Drivers/STM32F4xx_HAL_Driver/Src/stm32f4xx_hal.c.obj
 .debug_macro   0x00016094      0x1ed CMakeFiles/TIM2ADC1.dir/Drivers/STM32F4xx_HAL_Driver/Src/stm32f4xx_hal_tim.c.obj
 .debug_macro   0x00016281      0x1ec CMakeFiles/TIM2ADC1.dir/Drivers/STM32F4xx_HAL_Driver/Src/stm32f4xx_hal_tim_ex.c.obj
 .debug_macro   0x0001646d      0x1ec CMakeFiles/TIM2ADC1.dir/Core/Src/system_stm32f4xx.c.obj

.debug_line     0x00000000     0xc6a2
 .debug_line    0x00000000      0x8f1 CMakeFiles/TIM2ADC1.dir/Core/Src/main.c.obj
 .debug_line    0x000008f1      0x8be CMakeFiles/TIM2ADC1.dir/Core/Src/stm32f4xx_it.c.obj
 .debug_line    0x000011af      0x829 CMakeFiles/TIM2ADC1.dir/Core/Src/stm32f4xx_hal_msp.c.obj
 .debug_line    0x000019d8     0x1259 CMakeFiles/TIM2ADC1.dir/Drivers/STM32F4xx_HAL_Driver/Src/stm32f4xx_hal_adc.c.obj
 .debug_line    0x00002c31      0xf8f CMakeFiles/TIM2ADC1.dir/Drivers/STM32F4xx_HAL_Driver/Src/stm32f4xx_hal_adc_ex.c.obj
 .debug_line    0x00003bc0      0xe1a CMakeFiles/TIM2ADC1.dir/Drivers/STM32F4xx_HAL_Driver/Src/stm32f4xx_hal_rcc.c.obj
 .debug_line    0x000049da      0xbe1 CMakeFiles/TIM2ADC1.dir/Drivers/STM32F4xx_HAL_Driver/Src/stm32f4xx_hal_gpio.c.obj
 .debug_line    0x000055bb      0xd83 CMakeFiles/TIM2ADC1.dir/Drivers/STM32F4xx_HAL_Driver/Src/stm32f4xx_hal_cortex.c.obj
 .debug_line    0x0000633e      0xa91 CMakeFiles/TIM2ADC1.dir/Drivers/STM32F4xx_HAL_Driver/Src/stm32f4xx_hal.c.obj
 .debug_line    0x00006dcf     0x360f CMakeFiles/TIM2ADC1.dir/Drivers/STM32F4xx_HAL_Driver/Src/stm32f4xx_hal_tim.c.obj
 .debug_line    0x0000a3de     0x1a22 CMakeFiles/TIM2ADC1.dir/Drivers/STM32F4xx_HAL_Driver/Src/stm32f4xx_hal_tim_ex.c.obj
 .debug_line    0x0000be00      0x828 CMakeFiles/TIM2ADC1.dir/Core/Src/system_stm32f4xx.c.obj
 .debug_line    0x0000c628       0x7a CMakeFiles/TIM2ADC1.dir/startup_stm32f411xe.s.obj

.debug_str      0x00000000    0x94061
 .debug_str     0x00000000    0x91607 CMakeFiles/TIM2ADC1.dir/Core/Src/main.c.obj
                              0x919b8 (size before relaxing)
 .debug_str     0x00091607      0x18a CMakeFiles/TIM2ADC1.dir/Core/Src/stm32f4xx_it.c.obj
                              0x91265 (size before relaxing)
 .debug_str     0x00091791       0xe4 CMakeFiles/TIM2ADC1.dir/Core/Src/stm32f4xx_hal_msp.c.obj
                              0x916b1 (size before relaxing)
 .debug_str     0x00091875      0x2fb CMakeFiles/TIM2ADC1.dir/Drivers/STM32F4xx_HAL_Driver/Src/stm32f4xx_hal_adc.c.obj
                              0x9113e (size before relaxing)
 .debug_str     0x00091b70      0x316 CMakeFiles/TIM2ADC1.dir/Drivers/STM32F4xx_HAL_Driver/Src/stm32f4xx_hal_adc_ex.c.obj
                              0x91192 (size before relaxing)
 .debug_str     0x00091e86      0x2d2 CMakeFiles/TIM2ADC1.dir/Drivers/STM32F4xx_HAL_Driver/Src/stm32f4xx_hal_rcc.c.obj
                              0x90f97 (size before relaxing)
 .debug_str     0x00092158      0x13f CMakeFiles/TIM2ADC1.dir/Drivers/STM32F4xx_HAL_Driver/Src/stm32f4xx_hal_gpio.c.obj
                              0x90cde (size before relaxing)
 .debug_str     0x00092297      0x443 CMakeFiles/TIM2ADC1.dir/Drivers/STM32F4xx_HAL_Driver/Src/stm32f4xx_hal_cortex.c.obj
                              0x912f9 (size before relaxing)
 .debug_str     0x000926da      0x5b5 CMakeFiles/TIM2ADC1.dir/Drivers/STM32F4xx_HAL_Driver/Src/stm32f4xx_hal.c.obj
                              0x9158f (size before relaxing)
 .debug_str     0x00092c8f      0xe1b CMakeFiles/TIM2ADC1.dir/Drivers/STM32F4xx_HAL_Driver/Src/stm32f4xx_hal_tim.c.obj
                              0x91edb (size before relaxing)
 .debug_str     0x00093aaa      0x4ca CMakeFiles/TIM2ADC1.dir/Drivers/STM32F4xx_HAL_Driver/Src/stm32f4xx_hal_tim_ex.c.obj
                              0x916e7 (size before relaxing)
 .debug_str     0x00093f74       0x81 CMakeFiles/TIM2ADC1.dir/Core/Src/system_stm32f4xx.c.obj
                              0x90b63 (size before relaxing)
 .debug_str     0x00093ff5       0x6c CMakeFiles/TIM2ADC1.dir/startup_stm32f411xe.s.obj
                                 0xb2 (size before relaxing)

.comment        0x00000000       0x43
 .comment       0x00000000       0x43 CMakeFiles/TIM2ADC1.dir/Core/Src/main.c.obj
                                 0x44 (size before relaxing)
 .comment       0x00000043       0x44 CMakeFiles/TIM2ADC1.dir/Core/Src/stm32f4xx_it.c.obj
 .comment       0x00000043       0x44 CMakeFiles/TIM2ADC1.dir/Core/Src/stm32f4xx_hal_msp.c.obj
 .comment       0x00000043       0x44 CMakeFiles/TIM2ADC1.dir/Drivers/STM32F4xx_HAL_Driver/Src/stm32f4xx_hal_adc.c.obj
 .comment       0x00000043       0x44 CMakeFiles/TIM2ADC1.dir/Drivers/STM32F4xx_HAL_Driver/Src/stm32f4xx_hal_adc_ex.c.obj
 .comment       0x00000043       0x44 CMakeFiles/TIM2ADC1.dir/Drivers/STM32F4xx_HAL_Driver/Src/stm32f4xx_hal_rcc.c.obj
 .comment       0x00000043       0x44 CMakeFiles/TIM2ADC1.dir/Drivers/STM32F4xx_HAL_Driver/Src/stm32f4xx_hal_gpio.c.obj
 .comment       0x00000043       0x44 CMakeFiles/TIM2ADC1.dir/Drivers/STM32F4xx_HAL_Driver/Src/stm32f4xx_hal_cortex.c.obj
 .comment       0x00000043       0x44 CMakeFiles/TIM2ADC1.dir/Drivers/STM32F4xx_HAL_Driver/Src/stm32f4xx_hal.c.obj
 .comment       0x00000043       0x44 CMakeFiles/TIM2ADC1.dir/Drivers/STM32F4xx_HAL_Driver/Src/stm32f4xx_hal_tim.c.obj
 .comment       0x00000043       0x44 CMakeFiles/TIM2ADC1.dir/Drivers/STM32F4xx_HAL_Driver/Src/stm32f4xx_hal_tim_ex.c.obj
 .comment       0x00000043       0x44 CMakeFiles/TIM2ADC1.dir/Core/Src/system_stm32f4xx.c.obj

.debug_line_str
                0x00000000       0x96
 .debug_line_str
                0x00000000       0x96 CMakeFiles/TIM2ADC1.dir/startup_stm32f411xe.s.obj
